// Jest Snapshot v1, https://goo.gl/fbAQLP

exports[`GoodReads 1`] = `
Object {
  "goodreads": Array [
    "25489625",
  ],
}
`;
